<?xml version="1.0" encoding="UTF-8"?>
<testsuites>
	<testsuite tests="16" failures="3" time="4664.000000" name="testing">
		<properties>
			<property name="kyma.cli.version" value="N/A"></property>
		</properties>
		<testcase classname="octopus" name="[testing] kyma-system/core-api-controller" time="96.000000"></testcase>
		<testcase classname="octopus" name="[testing] kyma-system/core-console-backend-service (executions: 2)" time="1194.000000">
			<failure message="Failed" type=""><![CDATA[Faked logs for execution: core-console-backend-service]]></failure>
		</testcase>
		<testcase classname="octopus" name="[testing] kyma-system/core-test-external-solution" time="202.000000"></testcase>
		<testcase classname="octopus" name="[testing] kyma-system/kiali" time="7.000000"></testcase>
		<testcase classname="octopus" name="[testing] kyma-system/assetstore" time="32.000000"></testcase>
		<testcase classname="octopus" name="[testing] kyma-system/core-apiserver-proxy" time="141.000000"></testcase>
		<testcase classname="octopus" name="[testing] kyma-system/dex-integration" time="21.000000"></testcase>
		<testcase classname="octopus" name="[testing] kyma-system/logging" time="11.000000"></testcase>
		<testcase classname="octopus" name="[testing] kyma-system/core" time="67.000000"></testcase>
		<testcase classname="octopus" name="[testing] kyma-system/core-console (executions: 2)" time="1872.000000">
			<failure message="Failed" type=""><![CDATA[Faked logs for execution: core-console]]></failure>
		</testcase>
		<testcase classname="octopus" name="[testing] kyma-system/e2e-kubeless (executions: 2)" time="832.000000">
			<failure message="Failed" type=""><![CDATA[Faked logs for execution: e2e-kubeless]]></failure>
		</testcase>
		<testcase classname="octopus" name="[testing] kyma-system/monitoring" time="37.000000"></testcase>
		<testcase classname="octopus" name="[testing] kyma-system/core-cluster-users" time="62.000000"></testcase>
		<testcase classname="octopus" name="[testing] kyma-system/core-kubeless" time="46.000000"></testcase>
		<testcase classname="octopus" name="[testing] kyma-system/dex-connection" time="6.000000"></testcase>
		<testcase classname="octopus" name="[testing] kyma-system/event-bus" time="32.000000"></testcase>
	</testsuite>
</testsuites>